// Jest Snapshot v1, https://goo.gl/fbAQLP

exports[`Switch test cases should render 1`] = `
<DocumentFragment>
  <label
    class="css-nnkgk3"
  >
    <input
      id=":r0:"
      type="checkbox"
    />
    <label
      class="css-sf5ln6"
      data-testid="switch-label"
      for=":r0:"
    />
  </label>
</DocumentFragment>
`;
